// Jest Snapshot v1, https://goo.gl/fbAQLP

exports[`smoke and snapshot tests should match snapshot 1`] = `
<DocumentFragment>
  <div
    class="
 task-item
 p-3
 border-bottom
 position-relative
 "
    data-testid="task-item"
  >
    <div
      class="d-flex align-items-start"
    >
      <div
        class="w-100"
      >
        <div
          class="
 d-flex
 align-items-start
 form-check
 "
        >
          <input
            class="form-check-input flex-shrink-0 me-3"
            data-testid="task-checkbox"
            id="checkbox1"
            style="height: 1.5rem; width: 1.5rem;"
            type="checkbox"
          />
          <label
            class="form-check-label"
            for="checkbox1"
          />
          <div>
            <div>
              <h5
                class="fs-4"
                data-testid="task-title"
              >
                 
              </h5>
              <div
                class="text-muted fs-3"
                data-testid="task-description"
              />
              <span
                class="fs-2 text-muted"
                data-testid="task-date"
              >
                <i
                  class="bx bxs-calendar me-2"
                />
              </span>
              <div
                class="mt-3"
                data-testid="task-btn-group"
              >
                <button
                  class="task-btn btn btn-warning text-light me-3"
                  data-bs-target="#editTaskundefined"
                  data-bs-toggle="modal"
                  type="button"
                >
                  Edit
                </button>
                <button
                  class="task-btn btn btn-danger"
                  data-bs-target="#deleteTaskundefined"
                  data-bs-toggle="modal"
                  type="button"
                >
                  Delete
                </button>
              </div>
            </div>
          </div>
        </div>
      </div>
    </div>
    <div
      aria-hidden="true"
      class="modal fade"
      data-testid="edit-modal"
      id="editTaskundefined"
      style="color: black;"
      tabindex="-1"
    >
      <div
        class="modal-dialog modal-dialog-centered modal-md modal-dialog-scrollable"
      >
        <div
          class="modal-content"
        >
          <div
            class="modal-header"
          >
            <h5
              class="modal-title  fw-bold"
              data-testid="header"
              id="editTaskLabel"
            >
               Edit Task
            </h5>
            <button
              aria-label="Close"
              class="btn-close"
              data-bs-dismiss="modal"
              data-testid="close-btn"
              type="button"
            />
          </div>
          <div
            class="modal-body"
          >
            <div
              class="mb-3"
            >
              <label
                class="form-label"
                for="name"
              >
                Task Title
              </label>
              <input
                class="form-control"
                data-testid="input"
                id="title"
                name="title"
                placeholder="What is the title of this task?"
                type="text"
                value=""
              />
            </div>
            <div
              class="mb-3"
            >
              <label
                class="form-label"
                for="createTaskDescription"
              >
                Description (optional)
              </label>
              <textarea
                class="form-control"
                data-testid="input"
                id="createTaskDescription"
                name="description"
                placeholder="Add any extra details about this task"
                rows="3"
              />
            </div>
            <div
              class="mb-3"
            >
              <label
                for="createTaskImportant"
              >
                Is this task urgent?
              </label>
              <select
                class="form-control"
                data-testid="input"
                id="createTaskImportant"
                name="important"
                style="font-size: 1.3rem;"
              >
                <option
                  default=""
                  value=""
                >
                  Choose an option:
                </option>
                <option
                  value="true"
                >
                  Yes
                </option>
                <option
                  value="false"
                >
                  No
                </option>
              </select>
            </div>
          </div>
          <div
            class="modal-footer"
          >
            <button
              class="fs-5 btn btn-secondary"
              data-bs-dismiss="modal"
              data-testid="cancel-btn"
              type="button"
            >
              Cancel
            </button>
            <button
              class="fs-5 btn btn-success"
              data-bs-dismiss="modal"
              data-testid="edit-btn"
              type="button"
            >
              Edit
            </button>
          </div>
        </div>
      </div>
    </div>
    <div
      aria-hidden="true"
      class="modal fade"
      data-testid="delete-modal"
      id="deleteTaskundefined"
      style="display: none; color: black;"
      tabindex="-1"
    >
      <div
        class="modal-dialog modal-dialog-centered modal-md modal-dialog-scrollable"
      >
        <div
          class="modal-content"
        >
          <div
            class="modal-header"
          >
            <h5
              class="modal-title  fw-bold"
              data-testid="header"
              id="deleteProjectLabel"
            >
               Delete item Permanently?
            </h5>
            <button
              aria-label="Close"
              class="btn-close"
              data-bs-dismiss="modal"
              data-testid="close-btn"
              type="button"
            />
          </div>
          <div
            class="modal-body justify-content-center flex-column d-flex"
          >
            <i
              class="bx bxs-trash text-danger display-2 text-center mt-2"
              data-testid="delete-icon"
            />
            <p
              class="mt-4 fs-3 text-center"
              data-testid="delete-text"
            >
              You can only delete this item Permanently
            </p>
          </div>
          <div
            class="modal-footer"
          >
            <button
              class="fs-5 btn btn-secondary"
              data-bs-dismiss="modal"
              data-testid="cancel-btn"
              type="button"
            >
              Cancel
            </button>
            <button
              class="fs-5 btn btn-danger color-fff"
              data-bs-dismiss="modal"
              data-testid="delete-btn"
              type="button"
            >
              Delete
            </button>
          </div>
        </div>
      </div>
    </div>
  </div>
</DocumentFragment>
`;
