// Jest Snapshot v1, https://goo.gl/fbAQLP

exports[`smoke and snapshot tests should match snapshot 1`] = `
<DocumentFragment>
  <div
    class="mb-5 col-12 col-lg-6 d-flex align-items-stretch"
  >
    <div
      class="table-style card w-100"
      data-testid="user-table"
    >
      <div
        class="card-body"
      >
        <div
          class="d-md-flex"
        >
          <h3
            class="card-title"
          >
            Team Members
          </h3>
        </div>
        <div>
          <div
            class="table-responsive mt-3"
          >
            <table
              class="table stylish-table v-middle mb-0 no-wrap"
            >
              <thead>
                <tr>
                  <th
                    class="border-0 text-muted fw-normal"
                  >
                    Full Name
                  </th>
                  <th
                    class="border-0 text-muted fw-normal"
                  >
                    Email
                  </th>
                  <th
                    class="border-0 text-muted fw-normal"
                  >
                    Role
                  </th>
                </tr>
              </thead>
              <tbody />
            </table>
          </div>
        </div>
      </div>
    </div>
  </div>
</DocumentFragment>
`;
