// Jest Snapshot v1, https://goo.gl/fbAQLP

exports[`smoke and snapshot tests should match snapshot 1`] = `
<DocumentFragment>
  <div
    aria-hidden="true"
    class="modal fade"
    data-testid="edit-modal"
    id="editTicketundefined"
    style="color: black;"
    tabindex="-1"
  >
    <div
      class="modal-dialog modal-dialog-centered modal-md modal-dialog-scrollable"
    >
      <div
        class="modal-content"
      >
        <div
          class="modal-header"
        >
          <h5
            class="modal-title  fw-bold"
            data-testid="header"
            id="editTicketLabel"
          >
             Edit Ticket
          </h5>
          <button
            aria-label="Close"
            class="btn-close"
            data-bs-dismiss="modal"
            data-testid="close-btn"
            type="button"
          />
        </div>
        <div
          class="modal-body"
        >
          <div
            class="mb-3"
          >
            <label
              class="form-label"
              for="editTicketStatus"
            >
              Ticket Status
            </label>
            <select
              class="form-select"
              data-testid="input"
              id="editTicketStatus"
              name="status"
            >
              <option>
                Choose a status:
              </option>
              <option
                value="Open"
              >
                Open
              </option>
              <option
                value="In Progress"
              >
                In Progress
              </option>
              <option
                value="Complete"
              >
                Complete
              </option>
            </select>
          </div>
        </div>
        <div
          class="modal-footer"
        >
          <button
            class="fs-5 btn btn-secondary"
            data-bs-dismiss="modal"
            data-testid="cancel-btn"
            type="button"
          >
            Cancel
          </button>
          <button
            class="fs-5 btn btn-success"
            data-bs-dismiss="modal"
            data-testid="edit-btn"
            type="button"
          >
            Edit
          </button>
        </div>
      </div>
    </div>
  </div>
</DocumentFragment>
`;
