// Jest Snapshot v1, https://goo.gl/fbAQLP

exports[`smoke and snapshot tests should match snapshot 1`] = `
<DocumentFragment>
  <div
    class="page-breadcrumb border-bottom"
    data-testid="breadcrumb"
  >
    <div
      class="row"
    >
      <div
        class="
 col-lg-3 col-md-4 col-xs-12
 justify-content-start
 d-flex
 align-items-center
 "
      >
        <h5
          class="h3 font-weight-medium text-uppercase mb-0"
          data-testid="breadcrumb-title"
        >
          Dashboard
        </h5>
      </div>
      <div
        class="
 col-lg-9 col-md-8 col-xs-12
 d-flex
 justify-content-start justify-content-md-end
 align-self-center
 "
      >
        <nav
          aria-label="breadcrumb"
          class="mt-2"
          data-testid="pages"
        >
          <ol
            class="breadcrumb mb-0 p-0"
          >
            <li
              class="h4 breadcrumb-item"
            >
              Home
            </li>
            <li
              class="h4 breadcrumb-item"
            >
              Dashboard
            </li>
          </ol>
        </nav>
      </div>
    </div>
  </div>
</DocumentFragment>
`;
