// Jest Snapshot v1, https://goo.gl/fbAQLP

exports[`smoke and snapshot tests should match snapshot 1`] = `
<DocumentFragment>
  <div
    class="spinner-container"
  >
    <div
      class="loading-spinner"
    />
  </div>
</DocumentFragment>
`;
