// Jest Snapshot v1, https://goo.gl/fbAQLP

exports[`smoke and snapshot tests should match snapshot 1`] = `
<DocumentFragment>
  <div
    aria-hidden="true"
    class="modal fade"
    data-testid="edit-modal"
    id="editProjectundefined"
    tabindex="-1"
  >
    <div
      class="modal-dialog modal-dialog-centered modal-md modal-dialog-scrollable"
    >
      <div
        class="modal-content"
      >
        <div
          class="modal-header"
        >
          <h5
            class="modal-title  fw-bold"
            data-testid="header"
            id="editProjectLabel"
          >
             Edit Project
          </h5>
          <button
            aria-label="Close"
            class="btn-close"
            data-bs-dismiss="modal"
            data-testid="close-btn"
            type="button"
          />
        </div>
        <div
          class="modal-body"
        >
          <div
            class="mb-3"
          >
            <label
              class="form-label"
              for="name"
            >
              Project Name
            </label>
            <input
              class="form-control"
              data-testid="input"
              id="name"
              name="name"
              type="text"
              value=""
            />
          </div>
          <div
            class="deadline-form"
          >
            <form>
              <div
                class="row g-3 mb-3"
              >
                <div
                  class="col"
                >
                  <label
                    class="form-label"
                    for="deadline"
                  >
                    Deadline
                  </label>
                  <input
                    class="form-control"
                    data-testid="input"
                    id="deadline"
                    name="deadline"
                    type="date"
                    value=""
                  />
                </div>
              </div>
            </form>
          </div>
          <div
            class="row g-3 mb-3"
          >
            <div
              class="col-sm"
            >
              <label
                class="form-label"
                for="status"
              >
                Status
              </label>
              <select
                aria-label="Default select Priority"
                class="form-select"
                data-testid="input"
                name="status"
              >
                <option />
                <option
                  value="Open"
                >
                  Open
                </option>
                <option
                  value="In Progress"
                >
                  In Progress
                </option>
                <option
                  value="Closed"
                >
                  Closed
                </option>
              </select>
            </div>
          </div>
          <div
            class="mb-3"
          >
            <label
              class="form-label"
              for="description"
            >
              Description (optional)
            </label>
            <textarea
              class="form-control"
              data-testid="input"
              id="description"
              name="description"
              rows="5"
            />
          </div>
        </div>
        <div
          class="modal-footer"
        >
          <button
            class="fs-5 btn btn-secondary"
            data-bs-dismiss="modal"
            data-testid="cancel-btn"
            type="button"
          >
            Cancel
          </button>
          <button
            class="fs-5 btn btn-success"
            data-bs-dismiss="modal"
            data-testid="edit-btn"
            type="button"
          >
            Change Project
          </button>
        </div>
      </div>
    </div>
  </div>
</DocumentFragment>
`;
